[2026-06-03 19:48:29] PARALLEL FORMAL TRAINING START run_set=formal-parallel-20260603_1950 max_parallel=2 threads=12
[2026-06-03 19:48:29] START formal-parallel-20260603_1950-sp-fixed mode=selfplay morph=none threads=12
[2026-06-03 19:48:31] formal-parallel-20260603_1950-sp-fixed epoch=? total_min=? reward0=? reward1=? win0=? win1=? latest_ckpt= run_dir=tmp/robo-sumo-devants-v0/formal-parallel-20260603_1950-sp-fixed-20260603_194831
[2026-06-03 19:48:31] START formal-parallel-20260603_1950-tp-fixed mode=two_player morph=none threads=12
[2026-06-03 19:48:34] formal-parallel-20260603_1950-tp-fixed epoch=0 total_min=? reward0=? reward1=? win0=? win1=? latest_ckpt=epoch_0000.p run_dir=tmp/robo-sumo-devants-v0/formal-parallel-20260603_1950-tp-fixed-20260603_194833
[2026-06-03 20:18:34] formal-parallel-20260603_1950-sp-fixed epoch=63 total_min=29.85 reward=462.73. win=0.49. latest_ckpt=epoch_0063.p run_dir=tmp/robo-sumo-devants-v0/formal-parallel-20260603_1950-sp-fixed-20260603_194831
[2026-06-03 20:18:34] formal-parallel-20260603_1950-tp-fixed epoch=32 total_min=29.87 reward0=986.69. reward1=326.31. win0=0.46. win1=0.48. latest_ckpt=epoch_0032.p run_dir=tmp/robo-sumo-devants-v0/formal-parallel-20260603_1950-tp-fixed-20260603_194833
[2026-06-03 20:48:34] formal-parallel-20260603_1950-sp-fixed epoch=121 total_min=59.95 reward=1421.90. win=0.50. latest_ckpt=epoch_0121.p run_dir=tmp/robo-sumo-devants-v0/formal-parallel-20260603_1950-sp-fixed-20260603_194831
[2026-06-03 20:48:34] formal-parallel-20260603_1950-tp-fixed epoch=61 total_min=59.91 reward0=784.80. reward1=310.24. win0=0.46. win1=0.45. latest_ckpt=epoch_0061.p run_dir=tmp/robo-sumo-devants-v0/formal-parallel-20260603_1950-tp-fixed-20260603_194833
[2026-06-03 21:18:34] formal-parallel-20260603_1950-sp-fixed epoch=178 total_min=89.88 reward=1318.67. win=0.50. latest_ckpt=epoch_0178.p run_dir=tmp/robo-sumo-devants-v0/formal-parallel-20260603_1950-sp-fixed-20260603_194831
[2026-06-03 21:18:34] formal-parallel-20260603_1950-tp-fixed epoch=89 total_min=89.38 reward0=896.87. reward1=652.34. win0=0.39. win1=0.61. latest_ckpt=epoch_0089.p run_dir=tmp/robo-sumo-devants-v0/formal-parallel-20260603_1950-tp-fixed-20260603_194833
[2026-06-03 21:48:34] formal-parallel-20260603_1950-sp-fixed epoch=234 total_min=119.94 reward=1552.36. win=0.72. latest_ckpt=epoch_0234.p run_dir=tmp/robo-sumo-devants-v0/formal-parallel-20260603_1950-sp-fixed-20260603_194831
[2026-06-03 21:48:34] formal-parallel-20260603_1950-tp-fixed epoch=117 total_min=119.42 reward0=995.07. reward1=265.45. win0=0.64. win1=0.34. latest_ckpt=epoch_0117.p run_dir=tmp/robo-sumo-devants-v0/formal-parallel-20260603_1950-tp-fixed-20260603_194833
[2026-06-03 22:18:34] formal-parallel-20260603_1950-sp-fixed epoch=289 total_min=149.72 reward=915.18. win=0.53. latest_ckpt=epoch_0289.p run_dir=tmp/robo-sumo-devants-v0/formal-parallel-20260603_1950-sp-fixed-20260603_194831
[2026-06-03 22:18:34] formal-parallel-20260603_1950-tp-fixed epoch=145 total_min=149.69 reward0=1178.27. reward1=514.66. win0=0.60. win1=0.33. latest_ckpt=epoch_0145.p run_dir=tmp/robo-sumo-devants-v0/formal-parallel-20260603_1950-tp-fixed-20260603_194833
[2026-06-03 22:48:34] formal-parallel-20260603_1950-sp-fixed epoch=344 total_min=179.68 reward=1649.91. win=0.67. latest_ckpt=epoch_0344.p run_dir=tmp/robo-sumo-devants-v0/formal-parallel-20260603_1950-sp-fixed-20260603_194831
[2026-06-03 22:48:34] formal-parallel-20260603_1950-tp-fixed epoch=172 total_min=179.22 reward0=988.77. reward1=457.92. win0=0.62. win1=0.35. latest_ckpt=epoch_0172.p run_dir=tmp/robo-sumo-devants-v0/formal-parallel-20260603_1950-tp-fixed-20260603_194833
[2026-06-03 23:18:34] formal-parallel-20260603_1950-sp-fixed epoch=398 total_min=209.61 reward=1487.74. win=0.69. latest_ckpt=epoch_0398.p run_dir=tmp/robo-sumo-devants-v0/formal-parallel-20260603_1950-sp-fixed-20260603_194831
[2026-06-03 23:18:34] formal-parallel-20260603_1950-tp-fixed epoch=199 total_min=209.09 reward0=677.50. reward1=9.86. win0=0.61. win1=0.30. latest_ckpt=epoch_0199.p run_dir=tmp/robo-sumo-devants-v0/formal-parallel-20260603_1950-tp-fixed-20260603_194833
[2026-06-03 23:48:34] formal-parallel-20260603_1950-sp-fixed epoch=456 total_min=239.61 reward=1175.84. win=0.42. latest_ckpt=epoch_0456.p run_dir=tmp/robo-sumo-devants-v0/formal-parallel-20260603_1950-sp-fixed-20260603_194831
[2026-06-03 23:48:34] formal-parallel-20260603_1950-tp-fixed epoch=228 total_min=239.09 reward0=793.91. reward1=13.99. win0=0.60. win1=0.22. latest_ckpt=epoch_0228.p run_dir=tmp/robo-sumo-devants-v0/formal-parallel-20260603_1950-tp-fixed-20260603_194833
[2026-06-04 00:18:35] formal-parallel-20260603_1950-sp-fixed epoch=511 total_min=270.02 reward=1208.80. win=0.58. latest_ckpt=epoch_0511.p run_dir=tmp/robo-sumo-devants-v0/formal-parallel-20260603_1950-sp-fixed-20260603_194831
[2026-06-04 00:18:35] formal-parallel-20260603_1950-tp-fixed epoch=256 total_min=269.98 reward0=611.44. reward1=184.04. win0=0.53. win1=0.33. latest_ckpt=epoch_0256.p run_dir=tmp/robo-sumo-devants-v0/formal-parallel-20260603_1950-tp-fixed-20260603_194833
[2026-06-04 00:48:35] formal-parallel-20260603_1950-sp-fixed epoch=573 total_min=299.74 reward=1162.21. win=0.73. latest_ckpt=epoch_0573.p run_dir=tmp/robo-sumo-devants-v0/formal-parallel-20260603_1950-sp-fixed-20260603_194831
[2026-06-04 00:48:35] formal-parallel-20260603_1950-tp-fixed epoch=287 total_min=299.39 reward0=857.68. reward1=192.53. win0=0.50. win1=0.31. latest_ckpt=epoch_0287.p run_dir=tmp/robo-sumo-devants-v0/formal-parallel-20260603_1950-tp-fixed-20260603_194833
[2026-06-04 01:18:35] formal-parallel-20260603_1950-sp-fixed epoch=629 total_min=329.65 reward=1161.38. win=0.76. latest_ckpt=epoch_0629.p run_dir=tmp/robo-sumo-devants-v0/formal-parallel-20260603_1950-sp-fixed-20260603_194831
[2026-06-04 01:18:35] formal-parallel-20260603_1950-tp-fixed epoch=315 total_min=329.13 reward0=894.20. reward1=-211.34. win0=0.54. win1=0.16. latest_ckpt=epoch_0315.p run_dir=tmp/robo-sumo-devants-v0/formal-parallel-20260603_1950-tp-fixed-20260603_194833
[2026-06-04 01:48:35] formal-parallel-20260603_1950-sp-fixed epoch=690 total_min=359.76 reward=837.34. win=0.46. latest_ckpt=epoch_0690.p run_dir=tmp/robo-sumo-devants-v0/formal-parallel-20260603_1950-sp-fixed-20260603_194831
[2026-06-04 01:48:35] formal-parallel-20260603_1950-tp-fixed epoch=346 total_min=359.91 reward0=553.24. reward1=-53.77. win0=0.36. win1=0.21. latest_ckpt=epoch_0346.p run_dir=tmp/robo-sumo-devants-v0/formal-parallel-20260603_1950-tp-fixed-20260603_194833
[2026-06-04 02:18:35] formal-parallel-20260603_1950-sp-fixed epoch=756 total_min=389.65 reward=678.81. win=0.47. latest_ckpt=epoch_0756.p run_dir=tmp/robo-sumo-devants-v0/formal-parallel-20260603_1950-sp-fixed-20260603_194831
[2026-06-04 02:18:35] formal-parallel-20260603_1950-tp-fixed epoch=379 total_min=389.88 reward0=480.27. reward1=-243.11. win0=0.25. win1=0.19. latest_ckpt=epoch_0379.p run_dir=tmp/robo-sumo-devants-v0/formal-parallel-20260603_1950-tp-fixed-20260603_194833
[2026-06-04 02:48:35] formal-parallel-20260603_1950-sp-fixed epoch=824 total_min=419.90 reward=236.00. win=0.34. latest_ckpt=epoch_0824.p run_dir=tmp/robo-sumo-devants-v0/formal-parallel-20260603_1950-sp-fixed-20260603_194831
[2026-06-04 02:48:35] formal-parallel-20260603_1950-tp-fixed epoch=413 total_min=419.97 reward0=798.61. reward1=-43.26. win0=0.17. win1=0.12. latest_ckpt=epoch_0413.p run_dir=tmp/robo-sumo-devants-v0/formal-parallel-20260603_1950-tp-fixed-20260603_194833
[2026-06-04 03:18:35] formal-parallel-20260603_1950-sp-fixed epoch=888 total_min=449.67 reward=399.19. win=0.44. latest_ckpt=epoch_0888.p run_dir=tmp/robo-sumo-devants-v0/formal-parallel-20260603_1950-sp-fixed-20260603_194831
[2026-06-04 03:18:35] formal-parallel-20260603_1950-tp-fixed epoch=445 total_min=449.67 reward0=778.54. reward1=-372.04. win0=0.32. win1=0.07. latest_ckpt=epoch_0445.p run_dir=tmp/robo-sumo-devants-v0/formal-parallel-20260603_1950-tp-fixed-20260603_194833
[2026-06-04 03:48:35] formal-parallel-20260603_1950-sp-fixed epoch=947 total_min=479.91 reward=958.86. win=0.66. latest_ckpt=epoch_0947.p run_dir=tmp/robo-sumo-devants-v0/formal-parallel-20260603_1950-sp-fixed-20260603_194831
[2026-06-04 03:48:35] formal-parallel-20260603_1950-tp-fixed epoch=474 total_min=479.36 reward0=251.60. reward1=-278.11. win0=0.23. win1=0.20. latest_ckpt=epoch_0474.p run_dir=tmp/robo-sumo-devants-v0/formal-parallel-20260603_1950-tp-fixed-20260603_194833
[2026-06-04 04:18:35] formal-parallel-20260603_1950-sp-fixed epoch=999 total_min=508.89 reward=-421.08. win=0.23. latest_ckpt=epoch_1000.p run_dir=tmp/robo-sumo-devants-v0/formal-parallel-20260603_1950-sp-fixed-20260603_194831
[2026-06-04 04:18:35] DONE formal-parallel-20260603_1950-sp-fixed
[2026-06-04 04:18:35] START formal-parallel-20260603_1950-sp-morph mode=selfplay morph=all threads=12
[2026-06-04 04:18:37] formal-parallel-20260603_1950-sp-morph epoch=? total_min=? reward0=? reward1=? win0=? win1=? latest_ckpt= run_dir=tmp/robo-sumo-devants-v0/formal-parallel-20260603_1950-sp-morph-20260604_041837
[2026-06-04 04:18:37] formal-parallel-20260603_1950-tp-fixed epoch=502 total_min=509.54 reward0=702.93. reward1=-577.70. win0=0.42. win1=0.15. latest_ckpt=epoch_0502.p run_dir=tmp/robo-sumo-devants-v0/formal-parallel-20260603_1950-tp-fixed-20260603_194833
[2026-06-04 04:18:37] formal-parallel-20260603_1950-sp-morph epoch=? total_min=? reward0=? reward1=? win0=? win1=? latest_ckpt= run_dir=tmp/robo-sumo-devants-v0/formal-parallel-20260603_1950-sp-morph-20260604_041837
[2026-06-04 04:48:37] formal-parallel-20260603_1950-tp-fixed epoch=533 total_min=539.47 reward0=437.68. reward1=-381.59. win0=0.30. win1=0.17. latest_ckpt=epoch_0533.p run_dir=tmp/robo-sumo-devants-v0/formal-parallel-20260603_1950-tp-fixed-20260603_194833
[2026-06-04 04:48:37] formal-parallel-20260603_1950-sp-morph epoch=53 total_min=29.83 reward=621.58. win=0.28. latest_ckpt=epoch_0053.p run_dir=tmp/robo-sumo-devants-v0/formal-parallel-20260603_1950-sp-morph-20260604_041837
[2026-06-04 05:18:37] formal-parallel-20260603_1950-tp-fixed epoch=565 total_min=570.03 reward0=420.21. reward1=-379.50. win0=0.22. win1=0.11. latest_ckpt=epoch_0565.p run_dir=tmp/robo-sumo-devants-v0/formal-parallel-20260603_1950-tp-fixed-20260603_194833
[2026-06-04 05:18:37] formal-parallel-20260603_1950-sp-morph epoch=107 total_min=59.30 reward=989.24. win=0.41. latest_ckpt=epoch_0107.p run_dir=tmp/robo-sumo-devants-v0/formal-parallel-20260603_1950-sp-morph-20260604_041837
[2026-06-04 05:48:38] formal-parallel-20260603_1950-tp-fixed epoch=596 total_min=599.67 reward0=315.18. reward1=-271.52. win0=0.23. win1=0.19. latest_ckpt=epoch_0596.p run_dir=tmp/robo-sumo-devants-v0/formal-parallel-20260603_1950-tp-fixed-20260603_194833
[2026-06-04 05:48:38] formal-parallel-20260603_1950-sp-morph epoch=162 total_min=89.71 reward=807.69. win=0.62. latest_ckpt=epoch_0162.p run_dir=tmp/robo-sumo-devants-v0/formal-parallel-20260603_1950-sp-morph-20260604_041837
[2026-06-04 06:18:38] formal-parallel-20260603_1950-tp-fixed epoch=629 total_min=629.98 reward0=87.91. reward1=-493.36. win0=0.12. win1=0.12. latest_ckpt=epoch_0629.p run_dir=tmp/robo-sumo-devants-v0/formal-parallel-20260603_1950-tp-fixed-20260603_194833
[2026-06-04 06:18:38] formal-parallel-20260603_1950-sp-morph epoch=219 total_min=119.88 reward=912.12. win=0.63. latest_ckpt=epoch_0219.p run_dir=tmp/robo-sumo-devants-v0/formal-parallel-20260603_1950-sp-morph-20260604_041837
[2026-06-04 06:48:38] formal-parallel-20260603_1950-tp-fixed epoch=661 total_min=659.75 reward0=9.44. reward1=-399.76. win0=0.17. win1=0.20. latest_ckpt=epoch_0661.p run_dir=tmp/robo-sumo-devants-v0/formal-parallel-20260603_1950-tp-fixed-20260603_194833
[2026-06-04 06:48:38] formal-parallel-20260603_1950-sp-morph epoch=274 total_min=149.57 reward=766.21. win=0.58. latest_ckpt=epoch_0274.p run_dir=tmp/robo-sumo-devants-v0/formal-parallel-20260603_1950-sp-morph-20260604_041837
[2026-06-04 07:18:38] formal-parallel-20260603_1950-tp-fixed epoch=693 total_min=689.96 reward0=42.41. reward1=-691.12. win0=0.12. win1=0.04. latest_ckpt=epoch_0693.p run_dir=tmp/robo-sumo-devants-v0/formal-parallel-20260603_1950-tp-fixed-20260603_194833
[2026-06-04 07:18:38] formal-parallel-20260603_1950-sp-morph epoch=329 total_min=179.58 reward=1300.39. win=0.71. latest_ckpt=epoch_0329.p run_dir=tmp/robo-sumo-devants-v0/formal-parallel-20260603_1950-sp-morph-20260604_041837
[2026-06-04 07:48:38] formal-parallel-20260603_1950-tp-fixed epoch=724 total_min=719.29 reward0=289.82. reward1=-868.88. win0=0.33. win1=0.07. latest_ckpt=epoch_0724.p run_dir=tmp/robo-sumo-devants-v0/formal-parallel-20260603_1950-tp-fixed-20260603_194833
[2026-06-04 07:48:38] formal-parallel-20260603_1950-sp-morph epoch=384 total_min=209.80 reward=1438.47. win=0.88. latest_ckpt=epoch_0384.p run_dir=tmp/robo-sumo-devants-v0/formal-parallel-20260603_1950-sp-morph-20260604_041837
[2026-06-04 08:18:38] formal-parallel-20260603_1950-tp-fixed epoch=756 total_min=749.03 reward0=360.69. reward1=-1096.34. win0=0.32. win1=0.00. latest_ckpt=epoch_0756.p run_dir=tmp/robo-sumo-devants-v0/formal-parallel-20260603_1950-tp-fixed-20260603_194833
[2026-06-04 08:18:38] formal-parallel-20260603_1950-sp-morph epoch=439 total_min=239.90 reward=1288.13. win=0.47. latest_ckpt=epoch_0439.p run_dir=tmp/robo-sumo-devants-v0/formal-parallel-20260603_1950-sp-morph-20260604_041837
[2026-06-04 08:48:38] formal-parallel-20260603_1950-tp-fixed epoch=788 total_min=779.50 reward0=-317.70. reward1=-795.87. win0=0.12. win1=0.08. latest_ckpt=epoch_0788.p run_dir=tmp/robo-sumo-devants-v0/formal-parallel-20260603_1950-tp-fixed-20260603_194833
[2026-06-04 08:48:38] formal-parallel-20260603_1950-sp-morph epoch=493 total_min=269.55 reward=941.40. win=0.40. latest_ckpt=epoch_0493.p run_dir=tmp/robo-sumo-devants-v0/formal-parallel-20260603_1950-sp-morph-20260604_041837
[2026-06-04 09:18:38] formal-parallel-20260603_1950-tp-fixed epoch=819 total_min=809.25 reward0=-438.92. reward1=-847.94. win0=0.05. win1=0.05. latest_ckpt=epoch_0819.p run_dir=tmp/robo-sumo-devants-v0/formal-parallel-20260603_1950-tp-fixed-20260603_194833
[2026-06-04 09:18:38] formal-parallel-20260603_1950-sp-morph epoch=548 total_min=299.86 reward=1146.77. win=0.59. latest_ckpt=epoch_0548.p run_dir=tmp/robo-sumo-devants-v0/formal-parallel-20260603_1950-sp-morph-20260604_041837
[2026-06-04 09:48:38] formal-parallel-20260603_1950-tp-fixed epoch=851 total_min=839.80 reward0=-246.22. reward1=-758.04. win0=0.16. win1=0.08. latest_ckpt=epoch_0851.p run_dir=tmp/robo-sumo-devants-v0/formal-parallel-20260603_1950-tp-fixed-20260603_194833
[2026-06-04 09:48:38] formal-parallel-20260603_1950-sp-morph epoch=602 total_min=329.72 reward=981.56. win=0.60. latest_ckpt=epoch_0602.p run_dir=tmp/robo-sumo-devants-v0/formal-parallel-20260603_1950-sp-morph-20260604_041837
[2026-06-04 10:18:38] formal-parallel-20260603_1950-tp-fixed epoch=883 total_min=869.52 reward0=-776.25. reward1=-802.39. win0=0.00. win1=0.00. latest_ckpt=epoch_0883.p run_dir=tmp/robo-sumo-devants-v0/formal-parallel-20260603_1950-tp-fixed-20260603_194833
[2026-06-04 10:18:38] formal-parallel-20260603_1950-sp-morph epoch=658 total_min=359.78 reward=1310.39. win=0.58. latest_ckpt=epoch_0658.p run_dir=tmp/robo-sumo-devants-v0/formal-parallel-20260603_1950-sp-morph-20260604_041837
[2026-06-04 10:48:38] formal-parallel-20260603_1950-tp-fixed epoch=914 total_min=899.24 reward0=-828.64. reward1=-751.69. win0=0.00. win1=0.05. latest_ckpt=epoch_0914.p run_dir=tmp/robo-sumo-devants-v0/formal-parallel-20260603_1950-tp-fixed-20260603_194833
[2026-06-04 10:48:38] formal-parallel-20260603_1950-sp-morph epoch=712 total_min=389.94 reward=1446.65. win=0.82. latest_ckpt=epoch_0712.p run_dir=tmp/robo-sumo-devants-v0/formal-parallel-20260603_1950-sp-morph-20260604_041837
[2026-06-04 11:18:38] formal-parallel-20260603_1950-tp-fixed epoch=946 total_min=929.58 reward0=-322.33. reward1=-975.16. win0=0.21. win1=0.07. latest_ckpt=epoch_0946.p run_dir=tmp/robo-sumo-devants-v0/formal-parallel-20260603_1950-tp-fixed-20260603_194833
[2026-06-04 11:18:38] formal-parallel-20260603_1950-sp-morph epoch=766 total_min=419.55 reward=488.19. win=0.49. latest_ckpt=epoch_0766.p run_dir=tmp/robo-sumo-devants-v0/formal-parallel-20260603_1950-sp-morph-20260604_041837
[2026-06-04 11:48:38] formal-parallel-20260603_1950-tp-fixed epoch=977 total_min=959.63 reward0=-478.74. reward1=-1003.16. win0=0.17. win1=0.04. latest_ckpt=epoch_0977.p run_dir=tmp/robo-sumo-devants-v0/formal-parallel-20260603_1950-tp-fixed-20260603_194833
[2026-06-04 11:48:38] formal-parallel-20260603_1950-sp-morph epoch=820 total_min=449.76 reward=827.00. win=0.62. latest_ckpt=epoch_0820.p run_dir=tmp/robo-sumo-devants-v0/formal-parallel-20260603_1950-sp-morph-20260604_041837
[2026-06-04 12:13:38] formal-parallel-20260603_1950-tp-fixed epoch=999 total_min=984.82 reward0=-1044.60. reward1=-856.63. win0=0.00. win1=0.05. latest_ckpt=epoch_1000.p run_dir=tmp/robo-sumo-devants-v0/formal-parallel-20260603_1950-tp-fixed-20260603_194833
[2026-06-04 12:13:38] DONE formal-parallel-20260603_1950-tp-fixed
[2026-06-04 12:13:38] START formal-parallel-20260603_1950-tp-morph mode=two_player morph=all threads=12
[2026-06-04 12:13:41] formal-parallel-20260603_1950-tp-morph epoch=0 total_min=? reward0=? reward1=? win0=? win1=? latest_ckpt=epoch_0000.p run_dir=tmp/robo-sumo-devants-v0/formal-parallel-20260603_1950-tp-morph-20260604_121341
[2026-06-04 12:18:42] formal-parallel-20260603_1950-sp-morph epoch=867 total_min=479.56 reward=1042.88. win=0.71. latest_ckpt=epoch_0867.p run_dir=tmp/robo-sumo-devants-v0/formal-parallel-20260603_1950-sp-morph-20260604_041837
[2026-06-04 12:18:42] formal-parallel-20260603_1950-tp-morph epoch=4 total_min=4.92 reward0=716.07. reward1=-232.29. win0=0.40. win1=0.33. latest_ckpt=epoch_0004.p run_dir=tmp/robo-sumo-devants-v0/formal-parallel-20260603_1950-tp-morph-20260604_121341
[2026-06-04 12:48:42] formal-parallel-20260603_1950-sp-morph epoch=916 total_min=509.80 reward=1392.16. win=0.82. latest_ckpt=epoch_0916.p run_dir=tmp/robo-sumo-devants-v0/formal-parallel-20260603_1950-sp-morph-20260604_041837
[2026-06-04 12:48:42] formal-parallel-20260603_1950-tp-morph epoch=28 total_min=34.06 reward0=528.53. reward1=454.67. win0=0.43. win1=0.42. latest_ckpt=epoch_0028.p run_dir=tmp/robo-sumo-devants-v0/formal-parallel-20260603_1950-tp-morph-20260604_121341
[2026-06-04 13:18:42] formal-parallel-20260603_1950-sp-morph epoch=961 total_min=539.80 reward=965.62. win=0.65. latest_ckpt=epoch_0961.p run_dir=tmp/robo-sumo-devants-v0/formal-parallel-20260603_1950-sp-morph-20260604_041837
[2026-06-04 13:18:42] formal-parallel-20260603_1950-tp-morph epoch=51 total_min=64.07 reward0=508.69. reward1=102.30. win0=0.52. win1=0.47. latest_ckpt=epoch_0051.p run_dir=tmp/robo-sumo-devants-v0/formal-parallel-20260603_1950-tp-morph-20260604_121341
[2026-06-04 13:43:42] formal-parallel-20260603_1950-sp-morph epoch=999 total_min=563.15 reward=1268.76. win=0.78. latest_ckpt=epoch_1000.p run_dir=tmp/robo-sumo-devants-v0/formal-parallel-20260603_1950-sp-morph-20260604_041837
[2026-06-04 13:43:42] DONE formal-parallel-20260603_1950-sp-morph
[2026-06-04 13:43:42] START formal-parallel-20260603_1950-tp-mixed-a0morph mode=two_player morph=0 threads=12
[2026-06-04 13:43:45] formal-parallel-20260603_1950-tp-mixed-a0morph epoch=0 total_min=? reward0=? reward1=? win0=? win1=? latest_ckpt=epoch_0000.p run_dir=tmp/robo-sumo-devants-v0/formal-parallel-20260603_1950-tp-mixed-a0morph-20260604_134344
[2026-06-04 13:48:45] formal-parallel-20260603_1950-tp-morph epoch=77 total_min=94.49 reward0=609.20. reward1=249.41. win0=0.32. win1=0.57. latest_ckpt=epoch_0077.p run_dir=tmp/robo-sumo-devants-v0/formal-parallel-20260603_1950-tp-morph-20260604_121341
[2026-06-04 13:48:45] formal-parallel-20260603_1950-tp-mixed-a0morph epoch=4 total_min=4.72 reward0=1451.29. reward1=-101.12. win0=0.07. win1=0.36. latest_ckpt=epoch_0004.p run_dir=tmp/robo-sumo-devants-v0/formal-parallel-20260603_1950-tp-mixed-a0morph-20260604_134344
[2026-06-04 14:18:45] formal-parallel-20260603_1950-tp-morph epoch=101 total_min=124.83 reward0=533.29. reward1=273.64. win0=0.47. win1=0.53. latest_ckpt=epoch_0101.p run_dir=tmp/robo-sumo-devants-v0/formal-parallel-20260603_1950-tp-morph-20260604_121341
[2026-06-04 14:18:45] formal-parallel-20260603_1950-tp-mixed-a0morph epoch=28 total_min=33.95 reward0=691.12. reward1=571.53. win0=0.37. win1=0.44. latest_ckpt=epoch_0028.p run_dir=tmp/robo-sumo-devants-v0/formal-parallel-20260603_1950-tp-mixed-a0morph-20260604_134344
[2026-06-04 14:48:45] formal-parallel-20260603_1950-tp-morph epoch=123 total_min=153.93 reward0=640.51. reward1=270.49. win0=0.57. win1=0.44. latest_ckpt=epoch_0123.p run_dir=tmp/robo-sumo-devants-v0/formal-parallel-20260603_1950-tp-morph-20260604_121341
[2026-06-04 14:48:45] formal-parallel-20260603_1950-tp-mixed-a0morph epoch=53 total_min=64.68 reward0=919.22. reward1=371.67. win0=0.59. win1=0.39. latest_ckpt=epoch_0053.p run_dir=tmp/robo-sumo-devants-v0/formal-parallel-20260603_1950-tp-mixed-a0morph-20260604_134344
[2026-06-04 15:18:45] formal-parallel-20260603_1950-tp-morph epoch=146 total_min=184.89 reward0=693.65. reward1=674.11. win0=0.38. win1=0.57. latest_ckpt=epoch_0146.p run_dir=tmp/robo-sumo-devants-v0/formal-parallel-20260603_1950-tp-morph-20260604_121341
[2026-06-04 15:18:45] formal-parallel-20260603_1950-tp-mixed-a0morph epoch=76 total_min=94.18 reward0=835.44. reward1=518.00. win0=0.61. win1=0.33. latest_ckpt=epoch_0076.p run_dir=tmp/robo-sumo-devants-v0/formal-parallel-20260603_1950-tp-mixed-a0morph-20260604_134344
[2026-06-04 15:48:45] formal-parallel-20260603_1950-tp-morph epoch=171 total_min=215.05 reward0=1053.89. reward1=555.71. win0=0.40. win1=0.51. latest_ckpt=epoch_0171.p run_dir=tmp/robo-sumo-devants-v0/formal-parallel-20260603_1950-tp-morph-20260604_121341
[2026-06-04 15:48:45] formal-parallel-20260603_1950-tp-mixed-a0morph epoch=103 total_min=124.20 reward0=780.05. reward1=627.42. win0=0.62. win1=0.34. latest_ckpt=epoch_0103.p run_dir=tmp/robo-sumo-devants-v0/formal-parallel-20260603_1950-tp-mixed-a0morph-20260604_134344
[2026-06-04 16:18:45] formal-parallel-20260603_1950-tp-morph epoch=196 total_min=244.24 reward0=427.46. reward1=133.52. win0=0.53. win1=0.32. latest_ckpt=epoch_0196.p run_dir=tmp/robo-sumo-devants-v0/formal-parallel-20260603_1950-tp-morph-20260604_121341
[2026-06-04 16:18:45] formal-parallel-20260603_1950-tp-mixed-a0morph epoch=131 total_min=154.57 reward0=690.83. reward1=392.37. win0=0.57. win1=0.28. latest_ckpt=epoch_0131.p run_dir=tmp/robo-sumo-devants-v0/formal-parallel-20260603_1950-tp-mixed-a0morph-20260604_134344
[2026-06-04 16:48:45] formal-parallel-20260603_1950-tp-morph epoch=223 total_min=274.70 reward0=856.88. reward1=382.19. win0=0.57. win1=0.43. latest_ckpt=epoch_0223.p run_dir=tmp/robo-sumo-devants-v0/formal-parallel-20260603_1950-tp-morph-20260604_121341
[2026-06-04 16:48:45] formal-parallel-20260603_1950-tp-mixed-a0morph epoch=159 total_min=184.11 reward0=808.09. reward1=422.71. win0=0.57. win1=0.40. latest_ckpt=epoch_0159.p run_dir=tmp/robo-sumo-devants-v0/formal-parallel-20260603_1950-tp-mixed-a0morph-20260604_134344
[2026-06-04 17:18:45] formal-parallel-20260603_1950-tp-morph epoch=249 total_min=304.77 reward0=339.30. reward1=-48.76. win0=0.51. win1=0.20. latest_ckpt=epoch_0249.p run_dir=tmp/robo-sumo-devants-v0/formal-parallel-20260603_1950-tp-morph-20260604_121341
[2026-06-04 17:18:46] formal-parallel-20260603_1950-tp-mixed-a0morph epoch=187 total_min=214.35 reward0=602.42. reward1=427.12. win0=0.46. win1=0.38. latest_ckpt=epoch_0187.p run_dir=tmp/robo-sumo-devants-v0/formal-parallel-20260603_1950-tp-mixed-a0morph-20260604_134344
[2026-06-04 17:48:46] formal-parallel-20260603_1950-tp-morph epoch=275 total_min=334.17 reward0=369.05. reward1=482.39. win0=0.31. win1=0.60. latest_ckpt=epoch_0275.p run_dir=tmp/robo-sumo-devants-v0/formal-parallel-20260603_1950-tp-morph-20260604_121341
[2026-06-04 17:48:46] formal-parallel-20260603_1950-tp-mixed-a0morph epoch=216 total_min=244.89 reward0=778.57. reward1=60.32. win0=0.61. win1=0.31. latest_ckpt=epoch_0216.p run_dir=tmp/robo-sumo-devants-v0/formal-parallel-20260603_1950-tp-mixed-a0morph-20260604_134344
[2026-06-04 18:18:46] formal-parallel-20260603_1950-tp-morph epoch=302 total_min=365.01 reward0=796.81. reward1=488.97. win0=0.37. win1=0.43. latest_ckpt=epoch_0302.p run_dir=tmp/robo-sumo-devants-v0/formal-parallel-20260603_1950-tp-morph-20260604_121341
[2026-06-04 18:18:46] formal-parallel-20260603_1950-tp-mixed-a0morph epoch=244 total_min=274.84 reward0=678.97. reward1=425.51. win0=0.54. win1=0.38. latest_ckpt=epoch_0244.p run_dir=tmp/robo-sumo-devants-v0/formal-parallel-20260603_1950-tp-mixed-a0morph-20260604_134344
[2026-06-04 18:48:46] formal-parallel-20260603_1950-tp-morph epoch=328 total_min=394.21 reward0=808.06. reward1=151.09. win0=0.64. win1=0.20. latest_ckpt=epoch_0328.p run_dir=tmp/robo-sumo-devants-v0/formal-parallel-20260603_1950-tp-morph-20260604_121341
[2026-06-04 18:48:46] formal-parallel-20260603_1950-tp-mixed-a0morph epoch=272 total_min=304.44 reward0=846.93. reward1=419.43. win0=0.50. win1=0.32. latest_ckpt=epoch_0272.p run_dir=tmp/robo-sumo-devants-v0/formal-parallel-20260603_1950-tp-mixed-a0morph-20260604_134344
[2026-06-04 19:18:46] formal-parallel-20260603_1950-tp-morph epoch=354 total_min=423.95 reward0=505.99. reward1=311.13. win0=0.43. win1=0.33. latest_ckpt=epoch_0354.p run_dir=tmp/robo-sumo-devants-v0/formal-parallel-20260603_1950-tp-morph-20260604_121341
[2026-06-04 19:18:46] formal-parallel-20260603_1950-tp-mixed-a0morph epoch=300 total_min=334.27 reward0=800.73. reward1=297.59. win0=0.43. win1=0.43. latest_ckpt=epoch_0300.p run_dir=tmp/robo-sumo-devants-v0/formal-parallel-20260603_1950-tp-mixed-a0morph-20260604_134344
[2026-06-04 19:48:46] formal-parallel-20260603_1950-tp-morph epoch=381 total_min=454.31 reward0=698.01. reward1=173.62. win0=0.46. win1=0.32. latest_ckpt=epoch_0381.p run_dir=tmp/robo-sumo-devants-v0/formal-parallel-20260603_1950-tp-morph-20260604_121341
[2026-06-04 19:48:46] formal-parallel-20260603_1950-tp-mixed-a0morph epoch=329 total_min=364.76 reward0=978.73. reward1=76.17. win0=0.12. win1=0.16. latest_ckpt=epoch_0329.p run_dir=tmp/robo-sumo-devants-v0/formal-parallel-20260603_1950-tp-mixed-a0morph-20260604_134344
[2026-06-04 20:18:46] formal-parallel-20260603_1950-tp-morph epoch=408 total_min=485.00 reward0=616.55. reward1=-4.35. win0=0.32. win1=0.38. latest_ckpt=epoch_0408.p run_dir=tmp/robo-sumo-devants-v0/formal-parallel-20260603_1950-tp-morph-20260604_121341
[2026-06-04 20:18:46] formal-parallel-20260603_1950-tp-mixed-a0morph epoch=357 total_min=394.54 reward0=1059.68. reward1=34.59. win0=0.52. win1=0.13. latest_ckpt=epoch_0357.p run_dir=tmp/robo-sumo-devants-v0/formal-parallel-20260603_1950-tp-mixed-a0morph-20260604_134344
[2026-06-04 20:48:46] formal-parallel-20260603_1950-tp-morph epoch=431 total_min=514.34 reward0=209.81. reward1=163.01. win0=0.33. win1=0.35. latest_ckpt=epoch_0431.p run_dir=tmp/robo-sumo-devants-v0/formal-parallel-20260603_1950-tp-morph-20260604_121341
[2026-06-04 20:48:46] formal-parallel-20260603_1950-tp-mixed-a0morph epoch=382 total_min=424.31 reward0=983.58. reward1=293.64. win0=0.45. win1=0.16. latest_ckpt=epoch_0382.p run_dir=tmp/robo-sumo-devants-v0/formal-parallel-20260603_1950-tp-mixed-a0morph-20260604_134344
[2026-06-04 21:18:46] formal-parallel-20260603_1950-tp-morph epoch=454 total_min=545.03 reward0=176.50. reward1=217.83. win0=0.32. win1=0.32. latest_ckpt=epoch_0454.p run_dir=tmp/robo-sumo-devants-v0/formal-parallel-20260603_1950-tp-morph-20260604_121341
[2026-06-04 21:18:46] formal-parallel-20260603_1950-tp-mixed-a0morph epoch=406 total_min=454.38 reward0=945.42. reward1=-203.10. win0=0.44. win1=0.15. latest_ckpt=epoch_0406.p run_dir=tmp/robo-sumo-devants-v0/formal-parallel-20260603_1950-tp-mixed-a0morph-20260604_134344
[2026-06-04 21:48:46] formal-parallel-20260603_1950-tp-morph epoch=474 total_min=573.74 reward0=668.00. reward1=96.23. win0=0.43. win1=0.29. latest_ckpt=epoch_0474.p run_dir=tmp/robo-sumo-devants-v0/formal-parallel-20260603_1950-tp-morph-20260604_121341
[2026-06-04 21:48:46] formal-parallel-20260603_1950-tp-mixed-a0morph epoch=428 total_min=484.15 reward0=763.52. reward1=-151.89. win0=0.53. win1=0.22. latest_ckpt=epoch_0428.p run_dir=tmp/robo-sumo-devants-v0/formal-parallel-20260603_1950-tp-mixed-a0morph-20260604_134344
[2026-06-04 22:18:46] formal-parallel-20260603_1950-tp-morph epoch=494 total_min=603.65 reward0=195.08. reward1=371.04. win0=0.29. win1=0.41. latest_ckpt=epoch_0494.p run_dir=tmp/robo-sumo-devants-v0/formal-parallel-20260603_1950-tp-morph-20260604_121341
[2026-06-04 22:18:46] formal-parallel-20260603_1950-tp-mixed-a0morph epoch=449 total_min=513.59 reward0=757.35. reward1=34.90. win0=0.38. win1=0.18. latest_ckpt=epoch_0449.p run_dir=tmp/robo-sumo-devants-v0/formal-parallel-20260603_1950-tp-mixed-a0morph-20260604_134344
